feature@org.eclipse.egf.core=COPY,X:/,org.eclipse.egf.core.feature
plugin@org.eclipse.egf.batch.application=COPY,X:
plugin@org.eclipse.egf.console=COPY,X:/
plugin@org.eclipse.egf.common=COPY,X:/
plugin@org.eclipse.egf.common.ui=COPY,X:/
plugin@org.eclipse.egf.core=COPY,X:/
plugin@org.eclipse.egf.core.ui=COPY,X:/
plugin@org.eclipse.egf.core.ui.workbench=COPY,X:/
plugin@org.eclipse.egf.doc.user=COPY,X:/
plugin@org.eclipse.egf.engine.doc=COPY,X:/
plugin@org.eclipse.egf.engine.doc.pattern=COPY,X:/
plugin@org.eclipse.egf.engine.doc.process=COPY,X:/
plugin@org.eclipse.egf.fc.builder.java=COPY,X:/
plugin@org.eclipse.egf.fc.generator.java=COPY,X:/
plugin@org.eclipse.egf.mapping=COPY,X:/
plugin@org.eclipse.egf.mapping.ui.editor=COPY,X:/
plugin@org.eclipse.egf.model=COPY,X:/
plugin@org.eclipse.egf.model.edit=COPY,X:/
plugin@org.eclipse.egf.pattern=COPY,X:/
plugin@org.eclipse.egf.pattern.condition.gen=COPY,X:/
plugin@org.eclipse.egf.pattern.refactoring=COPY,X:/
plugin@org.eclipse.egf.pattern.runner=COPY,X:/
plugin@org.eclipse.egf.pattern.ui=COPY,X:/
plugin@org.eclipse.egf.pde=COPY,X:/
plugin@org.eclipse.egf.pde.emf=COPY,X:/
plugin@org.eclipse.egf.pde.pattern=COPY,X:/

feature@org.eclipse.egf.core.fc=COPY,X:/,org.eclipse.egf.core.fc.feature
plugin@org.eclipse.egf.core.fc=COPY,X:/
plugin@org.eclipse.egf.emf.generator.common=COPY,X:/
plugin@org.eclipse.egf.emf.generator.edit=COPY,X:/
plugin@org.eclipse.egf.emf.generator.editor=COPY,X:/
plugin@org.eclipse.egf.fc.doc.gen=COPY,X:/
plugin@org.eclipse.egf.fc.doc.patterns=COPY,X:/
plugin@org.eclipse.egf.fc.generator.javadoc=COPY,X:/
plugin@org.eclipse.egf.pattern.emf=COPY,X:/
plugin@org.eclipse.egf.pattern.runner.fc=COPY,X:/
plugin@org.eclipse.egf.pattern.runner.nsuri=COPY,X:/
plugin@org.eclipse.egf.plugin.gen=COPY,X:/

feature@org.eclipse.egf.tests=COPY,X:/,org.eclipse.egf.tests.feature
plugin@org.eclipse.egf.tests.emf.generation.library=COPY,X:/
plugin@org.eclipse.egf.tests.factory=COPY,X:/
plugin@org.eclipse.egf.tests.pattern=COPY,X:/

feature@org.eclipse.egf.tests.ju=COPY,X:/,org.eclipse.egf.tests.ju.feature
plugin@org.eclipse.egf.tests.ju=COPY,X:/
plugin@org.eclipse.egf.tests.ju.factory=COPY,X:/
plugin@org.eclipse.egf.tests.ju.pattern=COPY,X:/
